2026-09-24T11:53:41.370+05:30  INFO 29492 --- [unifiedsecuritymaster] [main] c.e.u.UnifiedsecuritymasterApplication   : Starting UnifiedsecuritymasterApplication using Java 21.0.12 with PID 29492 (C:\unifiedsecuritymaster\target\classes started by 2000209444 in C:\unifiedsecuritymaster)
2026-09-24T11:53:41.379+05:30  INFO 29492 --- [unifiedsecuritymaster] [main] c.e.u.UnifiedsecuritymasterApplication   : No active profile set, falling back to 1 default profile: "default"
2026-09-24T11:53:43.307+05:30  INFO 29492 --- [unifiedsecuritymaster] [main] .s.d.r.c.RepositoryConfigurationDelegate : Bootstrapping Spring Data JPA repositories in DEFAULT mode.
2026-09-24T11:53:43.375+05:30  INFO 29492 --- [unifiedsecuritymaster] [main] .s.d.r.c.RepositoryConfigurationDelegate : Finished Spring Data repository scanning in 41 ms. Found 0 JPA repository interfaces.
2026-09-24T11:53:44.586+05:30  INFO 29492 --- [unifiedsecuritymaster] [main] o.s.boot.tomcat.TomcatWebServer          : Tomcat initialized with port 8081 (http)
2026-09-24T11:53:44.636+05:30  INFO 29492 --- [unifiedsecuritymaster] [main] o.apache.catalina.core.StandardService   : Starting service [Tomcat]
2026-09-24T11:53:44.637+05:30  INFO 29492 --- [unifiedsecuritymaster] [main] o.apache.catalina.core.StandardEngine    : Starting Servlet engine: [Apache Tomcat/11.0.24]
2026-09-24T11:53:44.859+05:30  INFO 29492 --- [unifiedsecuritymaster] [main] b.w.c.s.WebApplicationContextInitializer : Root WebApplicationContext: initialization completed in 3328 ms
2026-09-24T11:53:45.325+05:30  INFO 29492 --- [unifiedsecuritymaster] [main] org.hibernate.orm.jpa                    : HHH008540: Processing PersistenceUnitInfo [name: default]
2026-09-24T11:53:45.462+05:30  INFO 29492 --- [unifiedsecuritymaster] [main] org.hibernate.orm.core                   : HHH000001: Hibernate ORM core version 7.4.5.Final
2026-09-24T11:53:46.549+05:30  INFO 29492 --- [unifiedsecuritymaster] [main] o.s.o.j.p.SpringPersistenceUnitInfo      : No LoadTimeWeaver setup: ignoring JPA class transformer
2026-09-24T11:53:46.626+05:30  INFO 29492 --- [unifiedsecuritymaster] [main] com.zaxxer.hikari.HikariDataSource       : HikariPool-1 - Starting...
2026-09-24T11:53:47.131+05:30  INFO 29492 --- [unifiedsecuritymaster] [main] com.zaxxer.hikari.pool.HikariPool        : HikariPool-1 - Added connection org.postgresql.jdbc.PgConnection@6a278584
2026-09-24T11:53:47.135+05:30  INFO 29492 --- [unifiedsecuritymaster] [main] com.zaxxer.hikari.HikariDataSource       : HikariPool-1 - Start completed.
2026-09-24T11:53:47.195+05:30  WARN 29492 --- [unifiedsecuritymaster] [main] org.hibernate.orm.deprecation            : HHH90000025: PostgreSQLDialect does not need to be specified explicitly using 'hibernate.dialect' (remove the property setting and it will be selected by default)
2026-09-24T11:53:47.242+05:30  INFO 29492 --- [unifiedsecuritymaster] [main] org.hibernate.orm.connections.pooling    : HHH10001005: Database info:
	Database JDBC URL [jdbc:postgresql://localhost:5432/pms]
	Database driver: PostgreSQL JDBC Driver
	Database dialect: PostgreSQLDialect
	Database version: 16.2
	Default catalog/schema: pms/public
	Autocommit mode: undefined/unknown
	Isolation level: READ_COMMITTED [default READ_COMMITTED]
	JDBC fetch size: none
	Pool: DataSourceConnectionProvider
	Minimum pool size: undefined/unknown
	Maximum pool size: undefined/unknown
2026-09-24T11:53:48.251+05:30  INFO 29492 --- [unifiedsecuritymaster] [main] org.hibernate.orm.core                   : HHH000489: No JTA platform available (set 'hibernate.transaction.jta.platform' to enable JTA platform integration)
2026-09-24T11:53:48.314+05:30  INFO 29492 --- [unifiedsecuritymaster] [main] j.LocalContainerEntityManagerFactoryBean : Initialized JPA EntityManagerFactory for persistence unit 'default'
2026-09-24T11:53:48.441+05:30  WARN 29492 --- [unifiedsecuritymaster] [main] JpaBaseConfiguration$JpaWebConfiguration : spring.jpa.open-in-view is enabled by default. Therefore, database queries may be performed during view rendering. Explicitly configure spring.jpa.open-in-view to disable this warning
2026-09-24T11:53:49.398+05:30  INFO 29492 --- [unifiedsecuritymaster] [main] o.s.boot.tomcat.TomcatWebServer          : Tomcat started on port 8081 (http) with context path '/'
2026-09-24T11:53:49.413+05:30  INFO 29492 --- [unifiedsecuritymaster] [main] c.e.u.UnifiedsecuritymasterApplication   : Started UnifiedsecuritymasterApplication in 9.15 seconds (process running for 14.517)
2026-09-24T11:53:49.421+05:30  INFO 29492 --- [unifiedsecuritymaster] [main] o.s.b.b.a.JobLauncherApplicationRunner   : Running default command line with: []
2026-09-24T13:21:17.853+05:30  WARN 29492 --- [unifiedsecuritymaster] [HikariPool-1:housekeeper] com.zaxxer.hikari.pool.HikariPool        : HikariPool-1 - Thread starvation or clock leap detected (housekeeper delta=47s382ms542µs600ns).
2026-09-24T13:29:06.106+05:30  WARN 29492 --- [unifiedsecuritymaster] [HikariPool-1:housekeeper] com.zaxxer.hikari.pool.HikariPool        : HikariPool-1 - Thread starvation or clock leap detected (housekeeper delta=51s279ms16µs900ns).
2026-09-24T13:36:13.653+05:30  WARN 29492 --- [unifiedsecuritymaster] [HikariPool-1:housekeeper] com.zaxxer.hikari.pool.HikariPool        : HikariPool-1 - Thread starvation or clock leap detected (housekeeper delta=46s815ms713µs900ns).
2026-09-24T13:44:08.338+05:30  WARN 29492 --- [unifiedsecuritymaster] [HikariPool-1:housekeeper] com.zaxxer.hikari.pool.HikariPool        : HikariPool-1 - Thread starvation or clock leap detected (housekeeper delta=50s537ms143µs400ns).
2026-09-24T13:47:51.448+05:30  WARN 29492 --- [unifiedsecuritymaster] [HikariPool-1:housekeeper] com.zaxxer.hikari.pool.HikariPool        : HikariPool-1 - Thread starvation or clock leap detected (housekeeper delta=50s681ms136µs200ns).
2026-09-24T13:57:27.054+05:30  WARN 29492 --- [unifiedsecuritymaster] [HikariPool-1:housekeeper] com.zaxxer.hikari.pool.HikariPool        : HikariPool-1 - Thread starvation or clock leap detected (housekeeper delta=51s248ms487µs400ns).
2026-09-24T13:59:21.905+05:30  WARN 29492 --- [unifiedsecuritymaster] [HikariPool-1:housekeeper] com.zaxxer.hikari.pool.HikariPool        : HikariPool-1 - Thread starvation or clock leap detected (housekeeper delta=48s82ms482µs500ns).
2026-09-24T14:01:18.693+05:30  WARN 29492 --- [unifiedsecuritymaster] [HikariPool-1:housekeeper] com.zaxxer.hikari.pool.HikariPool        : HikariPool-1 - Thread starvation or clock leap detected (housekeeper delta=46s768ms130µs200ns).
2026-09-24T14:03:19.937+05:30  WARN 29492 --- [unifiedsecuritymaster] [HikariPool-1:housekeeper] com.zaxxer.hikari.pool.HikariPool        : HikariPool-1 - Thread starvation or clock leap detected (housekeeper delta=47s446ms24µs).
2026-09-24T14:04:07.281+05:30  WARN 29492 --- [unifiedsecuritymaster] [HikariPool-1:housekeeper] com.zaxxer.hikari.pool.HikariPool        : HikariPool-1 - Thread starvation or clock leap detected (housekeeper delta=47s388ms563µs800ns).
